Using cpu device
Logging to results/train_and_eval/user_ci_disabled/eta_0/seed_1/tensorboard/PPO_2
{'Validation Reward': -27744182.59194925, 'Avg Wait': 10253.46709077563, 'Max Wait': 2277401.0, 'Avg Response': 14805.085882065085, 'Avg Slowdown': 207.2704154360725, 'Episode Duration': 7915291.0, 'Carbon Emissions': 27744182.59194925, 'Weighted Carbon Emissions': -27744182.59194925, 'Env Reward': -31131.035619213904, 'System Utilization': 0.5766848765612345, 'Action Analysis': {'Total Actions': 26736, 'Schedule Action Percentage': 30.573010173548774, 'Fixed Delay Percentage': 43.56298623578695, 'Wait Delay Percentage': 25.86400359066427, 'Fixed Delays': {'2400s': 3912, '7200s': 2763, '300s': 2248, '1800s': 689, '3600s': 103, '600s': 1757, '1200s': 175}, 'Wait for Jobs': {'2 jobs': 3512, '3 jobs': 2598, '1 jobs': 731, '4 jobs': 74}}}
-----------------------------------------
| rollout/                  |           |
|    ep_len_mean            | 841       |
|    ep_rew_mean            | -13       |
| time/                     |           |
|    fps                    | 1685      |
|    iterations             | 1         |
|    time_elapsed           | 38        |
|    total_timesteps        | 65536     |
| validation/               |           |
|    Avg Wait               | 1.03e+04  |
|    Carbon Emissions       | 2.77e+07  |
|    Validation Reward      | -2.77e+07 |
|    best_Validation Reward | -2.77e+07 |
-----------------------------------------
{'Validation Reward': -23906387.798774578, 'Avg Wait': 2314459.3902618056, 'Max Wait': 10349002.0, 'Avg Response': 2319011.0090530952, 'Avg Slowdown': 107709.6294781191, 'Episode Duration': 10407277.0, 'Carbon Emissions': 23906387.798774578, 'Weighted Carbon Emissions': -23906387.798774578, 'Env Reward': -29856.708836933263, 'System Utilization': 0.43859970415712485, 'Action Analysis': {'Total Actions': 37845, 'Schedule Action Percentage': 21.59862597436914, 'Fixed Delay Percentage': 75.74316290130797, 'Wait Delay Percentage': 2.658211124322896, 'Fixed Delays': {'600s': 28411, '1800s': 123, '300s': 131}, 'Wait for Jobs': {'2 jobs': 920, '1 jobs': 86}}}
--------------------------------------------
| rollout/                  |              |
|    ep_len_mean            | 842          |
|    ep_rew_mean            | -7.54        |
| time/                     |              |
|    fps                    | 1410         |
|    iterations             | 2            |
|    time_elapsed           | 92           |
|    total_timesteps        | 131072       |
| train/                    |              |
|    approx_kl              | 0.0013136172 |
|    clip_fraction          | 0.0321       |
|    clip_range             | 0.1          |
|    clip_range_vf          | 0.1          |
|    entropy_loss           | -2.82        |
|    explained_variance     | 0.17         |
|    learning_rate          | 0.0003       |
|    loss                   | 0.336        |
|    n_updates              | 2            |
|    policy_gradient_loss   | -0.00165     |
|    value_loss             | 0.701        |
| validation/               |              |
|    Avg Wait               | 2.31e+06     |
|    Carbon Emissions       | 2.39e+07     |
|    Validation Reward      | -2.39e+07    |
|    best_Validation Reward | -2.39e+07    |
--------------------------------------------
