Using cpu device
Logging to results/train_and_eval/eta_0/seed_1/tensorboard/PPO_1
{'Validation Reward': -31131.035619213904, 'Avg Wait': 10253.46709077563, 'Max Wait': 2277401.0, 'Avg Response': 14805.085882065085, 'Avg Slowdown': 207.2704154360725, 'Episode Duration': 7915291.0, 'Carbon Emissions': 27744182.59194925, 'Weighted Carbon Emissions': -27744182.59194925, 'System Utilization': 0.5766848765612345, 'Action Analysis': {'Total Actions': 26736, 'Schedule Action Percentage': 30.573010173548774, 'Fixed Delay Percentage': 43.56298623578695, 'Wait Delay Percentage': 25.86400359066427, 'Fixed Delays': {'2400s': 3912, '7200s': 2763, '300s': 2248, '1800s': 689, '3600s': 103, '600s': 1757, '1200s': 175}, 'Wait for Jobs': {'2 jobs': 3512, '3 jobs': 2598, '1 jobs': 731, '4 jobs': 74}}}
-----------------------------------------
| rollout/                  |           |
|    ep_len_mean            | 843       |
|    ep_rew_mean            | -0.131    |
| time/                     |           |
|    fps                    | 1548      |
|    iterations             | 1         |
|    time_elapsed           | 42        |
|    total_timesteps        | 65536     |
| validation/               |           |
|    Avg Wait               | 1.03e+04  |
|    Carbon Emissions       | 2.77e+07  |
|    Validation Reward      | -3.11e+04 |
|    best_Validation Reward | -3.11e+04 |
-----------------------------------------
{'Validation Reward': -28104.598783535832, 'Avg Wait': 1889771.0977489601, 'Max Wait': 10041413.0, 'Avg Response': 1894322.7165402495, 'Avg Slowdown': 87334.88879962348, 'Episode Duration': 10099688.0, 'Carbon Emissions': 24075795.870391008, 'Weighted Carbon Emissions': -24075795.870391008, 'System Utilization': 0.4519573885135115, 'Action Analysis': {'Total Actions': 26950, 'Schedule Action Percentage': 30.330241187384043, 'Fixed Delay Percentage': 69.62152133580705, 'Wait Delay Percentage': 0.04823747680890538, 'Fixed Delays': {'2400s': 18393, '1200s': 37, '14400s': 333}, 'Wait for Jobs': {'1 jobs': 13}}}
--------------------------------------------
| rollout/                  |              |
|    ep_len_mean            | 840          |
|    ep_rew_mean            | -18          |
| time/                     |              |
|    fps                    | 1454         |
|    iterations             | 2            |
|    time_elapsed           | 90           |
|    total_timesteps        | 131072       |
| train/                    |              |
|    approx_kl              | 0.0012125854 |
|    clip_fraction          | 0.0295       |
|    clip_range             | 0.1          |
|    clip_range_vf          | 0.1          |
|    entropy_loss           | -2.82        |
|    explained_variance     | 0.156        |
|    learning_rate          | 0.0003       |
|    loss                   | 0.355        |
|    n_updates              | 2            |
|    policy_gradient_loss   | -0.00146     |
|    value_loss             | 0.72         |
| validation/               |              |
|    Avg Wait               | 1.89e+06     |
|    Carbon Emissions       | 2.41e+07     |
|    Validation Reward      | -2.81e+04    |
|    best_Validation Reward | -2.81e+04    |
--------------------------------------------
{'Validation Reward': -29433.883229681047, 'Avg Wait': 2241157.440665525, 'Max Wait': 9125938.0, 'Avg Response': 2245709.059456814, 'Avg Slowdown': 105000.87722908301, 'Episode Duration': 9993211.0, 'Carbon Emissions': 24282044.615834422, 'Weighted Carbon Emissions': -24282044.615834422, 'System Utilization': 0.4567729644937198, 'Action Analysis': {'Total Actions': 28482, 'Schedule Action Percentage': 28.698827329541466, 'Fixed Delay Percentage': 31.30047047257917, 'Wait Delay Percentage': 40.00070219787936, 'Fixed Delays': {'1200s': 5963, '300s': 1086, '2400s': 1825, '600s': 41}, 'Wait for Jobs': {'1 jobs': 10820, '4 jobs': 573}}}
--------------------------------------------
| rollout/                  |              |
|    ep_len_mean            | 836          |
|    ep_rew_mean            | -10.9        |
| time/                     |              |
|    fps                    | 1411         |
|    iterations             | 3            |
|    time_elapsed           | 139          |
|    total_timesteps        | 196608       |
| train/                    |              |
|    approx_kl              | 0.0009398229 |
|    clip_fraction          | 0.0161       |
|    clip_range             | 0.1          |
|    clip_range_vf          | 0.1          |
|    entropy_loss           | -2.82        |
|    explained_variance     | 0.807        |
|    learning_rate          | 0.0003       |
|    loss                   | 0.823        |
|    n_updates              | 4            |
|    policy_gradient_loss   | -0.00124     |
|    value_loss             | 1.69         |
| validation/               |              |
|    Avg Wait               | 2.24e+06     |
|    Carbon Emissions       | 2.43e+07     |
|    Validation Reward      | -2.94e+04    |
|    best_Validation Reward | -2.81e+04    |
--------------------------------------------
{'Validation Reward': -31597.547336868975, 'Avg Wait': 3053667.2138487888, 'Max Wait': 10801583.0, 'Avg Response': 3058218.8326400784, 'Avg Slowdown': 141278.49426479387, 'Episode Duration': 10869938.0, 'Carbon Emissions': 22408619.951727573, 'Weighted Carbon Emissions': -22408619.951727573, 'System Utilization': 0.41993143045353615, 'Action Analysis': {'Total Actions': 33681, 'Schedule Action Percentage': 24.268875627208217, 'Fixed Delay Percentage': 72.88679077224548, 'Wait Delay Percentage': 2.8443336005463022, 'Fixed Delays': {'1200s': 19302, '600s': 1485, '300s': 3762}, 'Wait for Jobs': {'1 jobs': 958}}}
--------------------------------------------
| rollout/                  |              |
|    ep_len_mean            | 842          |
|    ep_rew_mean            | -3.63        |
| time/                     |              |
|    fps                    | 1337         |
|    iterations             | 4            |
|    time_elapsed           | 196          |
|    total_timesteps        | 262144       |
| train/                    |              |
|    approx_kl              | 0.0015354676 |
|    clip_fraction          | 0.0393       |
|    clip_range             | 0.1          |
|    clip_range_vf          | 0.1          |
|    entropy_loss           | -2.8         |
|    explained_variance     | 0.514        |
|    learning_rate          | 0.0003       |
|    loss                   | 0.412        |
|    n_updates              | 6            |
|    policy_gradient_loss   | -0.00179     |
|    value_loss             | 0.855        |
| validation/               |              |
|    Avg Wait               | 3.05e+06     |
|    Carbon Emissions       | 2.24e+07     |
|    Validation Reward      | -3.16e+04    |
|    best_Validation Reward | -2.81e+04    |
--------------------------------------------
{'Validation Reward': -31043.450220460887, 'Avg Wait': 2811198.5664301445, 'Max Wait': 11032307.0, 'Avg Response': 2815750.1852214336, 'Avg Slowdown': 128900.55677142327, 'Episode Duration': 11090582.0, 'Carbon Emissions': 22370286.780533448, 'Weighted Carbon Emissions': -22370286.780533448, 'System Utilization': 0.4115770131162864, 'Action Analysis': {'Total Actions': 33420, 'Schedule Action Percentage': 24.45840813883902, 'Fixed Delay Percentage': 75.53560742070617, 'Wait Delay Percentage': 0.005984440454817474, 'Fixed Delays': {'1200s': 21141, '600s': 1726, '300s': 2377}, 'Wait for Jobs': {'1 jobs': 2}}}
--------------------------------------------
| rollout/                  |              |
|    ep_len_mean            | 843          |
|    ep_rew_mean            | -2.97        |
| time/                     |              |
|    fps                    | 1315         |
|    iterations             | 5            |
|    time_elapsed           | 249          |
|    total_timesteps        | 327680       |
| train/                    |              |
|    approx_kl              | 0.0010833599 |
|    clip_fraction          | 0.0285       |
|    clip_range             | 0.1          |
|    clip_range_vf          | 0.1          |
|    entropy_loss           | -2.79        |
|    explained_variance     | 0.775        |
|    learning_rate          | 0.0003       |
|    loss                   | 0.273        |
|    n_updates              | 8            |
|    policy_gradient_loss   | -0.00129     |
|    value_loss             | 0.667        |
| validation/               |              |
|    Avg Wait               | 2.81e+06     |
|    Carbon Emissions       | 2.24e+07     |
|    Validation Reward      | -3.1e+04     |
|    best_Validation Reward | -2.81e+04    |
--------------------------------------------
{'Validation Reward': -29511.211120897115, 'Avg Wait': 2413109.297773428, 'Max Wait': 10385404.0, 'Avg Response': 2417660.9165647174, 'Avg Slowdown': 111891.21469270387, 'Episode Duration': 10443679.0, 'Carbon Emissions': 23139415.81775822, 'Weighted Carbon Emissions': -23139415.81775822, 'System Utilization': 0.43707094150263043, 'Action Analysis': {'Total Actions': 31703, 'Schedule Action Percentage': 25.783048922814874, 'Fixed Delay Percentage': 57.28795382140491, 'Wait Delay Percentage': 16.92899725578021, 'Fixed Delays': {'1200s': 15350, '600s': 1252, '3600s': 77, '300s': 1453, '2400s': 30}, 'Wait for Jobs': {'4 jobs': 5080, '1 jobs': 287}}}
------------------------------------------
| rollout/                  |            |
|    ep_len_mean            | 838        |
|    ep_rew_mean            | -2.8       |
| time/                     |            |
|    fps                    | 1295       |
|    iterations             | 6          |
|    time_elapsed           | 303        |
|    total_timesteps        | 393216     |
| train/                    |            |
|    approx_kl              | 0.00130173 |
|    clip_fraction          | 0.0343     |
|    clip_range             | 0.1        |
|    clip_range_vf          | 0.1        |
|    entropy_loss           | -2.78      |
|    explained_variance     | 0.506      |
|    learning_rate          | 0.0003     |
|    loss                   | 0.292      |
|    n_updates              | 10         |
|    policy_gradient_loss   | -0.00143   |
|    value_loss             | 0.571      |
| validation/               |            |
|    Avg Wait               | 2.41e+06   |
|    Carbon Emissions       | 2.31e+07   |
|    Validation Reward      | -2.95e+04  |
|    best_Validation Reward | -2.81e+04  |
------------------------------------------
{'Validation Reward': -30586.843147703952, 'Avg Wait': 2841095.938218742, 'Max Wait': 10868257.0, 'Avg Response': 2845647.557010032, 'Avg Slowdown': 130757.95839608555, 'Episode Duration': 10926532.0, 'Carbon Emissions': 22944923.129998397, 'Weighted Carbon Emissions': -22944923.129998397, 'System Utilization': 0.41775639455238406, 'Action Analysis': {'Total Actions': 30818, 'Schedule Action Percentage': 26.52346031540009, 'Fixed Delay Percentage': 44.74333181906678, 'Wait Delay Percentage': 28.73320786553313, 'Fixed Delays': {'1200s': 11898, '600s': 1613, '3600s': 7, '300s': 115, '2400s': 152, '14400s': 4}, 'Wait for Jobs': {'4 jobs': 8855}}}
--------------------------------------------
| rollout/                  |              |
|    ep_len_mean            | 838          |
|    ep_rew_mean            | -7.53        |
| time/                     |              |
|    fps                    | 1282         |
|    iterations             | 7            |
|    time_elapsed           | 357          |
|    total_timesteps        | 458752       |
| train/                    |              |
|    approx_kl              | 0.0014463287 |
|    clip_fraction          | 0.0394       |
|    clip_range             | 0.1          |
|    clip_range_vf          | 0.1          |
|    entropy_loss           | -2.79        |
|    explained_variance     | 0.567        |
|    learning_rate          | 0.0003       |
|    loss                   | 0.326        |
|    n_updates              | 12           |
|    policy_gradient_loss   | -0.00128     |
|    value_loss             | 0.669        |
| validation/               |              |
|    Avg Wait               | 2.84e+06     |
|    Carbon Emissions       | 2.29e+07     |
|    Validation Reward      | -3.06e+04    |
|    best_Validation Reward | -2.81e+04    |
--------------------------------------------
{'Validation Reward': -30055.375439438238, 'Avg Wait': 300787.97981404455, 'Max Wait': 8088834.0, 'Avg Response': 305339.598605334, 'Avg Slowdown': 14110.984640750015, 'Episode Duration': 8147109.0, 'Carbon Emissions': 27029505.1754333, 'Weighted Carbon Emissions': -27029505.1754333, 'System Utilization': 0.5602758737217398, 'Action Analysis': {'Total Actions': 30674, 'Schedule Action Percentage': 26.64797548412336, 'Fixed Delay Percentage': 72.07080915433266, 'Wait Delay Percentage': 1.2812153615439785, 'Fixed Delays': {'1200s': 12790, '600s': 9267, '2400s': 50}, 'Wait for Jobs': {'4 jobs': 393}}}
--------------------------------------------
| rollout/                  |              |
|    ep_len_mean            | 844          |
|    ep_rew_mean            | -4.07        |
| time/                     |              |
|    fps                    | 1292         |
|    iterations             | 8            |
|    time_elapsed           | 405          |
|    total_timesteps        | 524288       |
| train/                    |              |
|    approx_kl              | 0.0014761128 |
|    clip_fraction          | 0.0389       |
|    clip_range             | 0.1          |
|    clip_range_vf          | 0.1          |
|    entropy_loss           | -2.78        |
|    explained_variance     | 0.708        |
|    learning_rate          | 0.0003       |
|    loss                   | 0.246        |
|    n_updates              | 14           |
|    policy_gradient_loss   | -0.00153     |
|    value_loss             | 0.545        |
| validation/               |              |
|    Avg Wait               | 3.01e+05     |
|    Carbon Emissions       | 2.7e+07      |
|    Validation Reward      | -3.01e+04    |
|    best_Validation Reward | -2.81e+04    |
--------------------------------------------
{'Validation Reward': -33599.954515888414, 'Avg Wait': 2020177.8724002936, 'Max Wait': 10730819.0, 'Avg Response': 2024729.491191583, 'Avg Slowdown': 93526.72971764213, 'Episode Duration': 10789094.0, 'Carbon Emissions': 23113922.462087233, 'Weighted Carbon Emissions': -23113922.462087233, 'System Utilization': 0.4230780279865251, 'Action Analysis': {'Total Actions': 34950, 'Schedule Action Percentage': 23.38769670958512, 'Fixed Delay Percentage': 63.839771101573675, 'Wait Delay Percentage': 12.772532188841202, 'Fixed Delays': {'1200s': 7493, '600s': 14757, '1800s': 46, '2400s': 16}, 'Wait for Jobs': {'4 jobs': 4314, '1 jobs': 150}}}
-------------------------------------------
| rollout/                  |             |
|    ep_len_mean            | 844         |
|    ep_rew_mean            | -1.56       |
| time/                     |             |
|    fps                    | 1291        |
|    iterations             | 9           |
|    time_elapsed           | 456         |
|    total_timesteps        | 589824      |
| train/                    |             |
|    approx_kl              | 0.002012587 |
|    clip_fraction          | 0.0639      |
|    clip_range             | 0.1         |
|    clip_range_vf          | 0.1         |
|    entropy_loss           | -2.77       |
|    explained_variance     | 0.603       |
|    learning_rate          | 0.0003      |
|    loss                   | 0.262       |
|    n_updates              | 16          |
|    policy_gradient_loss   | -0.0018     |
|    value_loss             | 0.603       |
| validation/               |             |
|    Avg Wait               | 2.02e+06    |
|    Carbon Emissions       | 2.31e+07    |
|    Validation Reward      | -3.36e+04   |
|    best_Validation Reward | -2.81e+04   |
-------------------------------------------
{'Validation Reward': -31626.34017258446, 'Avg Wait': 2514516.246635674, 'Max Wait': 10597543.0, 'Avg Response': 2519067.8654269637, 'Avg Slowdown': 117307.94399770134, 'Episode Duration': 10655818.0, 'Carbon Emissions': 22674426.7425127, 'Weighted Carbon Emissions': -22674426.7425127, 'System Utilization': 0.42836961116277045, 'Action Analysis': {'Total Actions': 39073, 'Schedule Action Percentage': 20.919816753256725, 'Fixed Delay Percentage': 67.58375348706268, 'Wait Delay Percentage': 11.496429759680598, 'Fixed Delays': {'600s': 20790, '300s': 5017, '1200s': 600}, 'Wait for Jobs': {'4 jobs': 4356, '1 jobs': 136}}}
--------------------------------------------
| rollout/                  |              |
|    ep_len_mean            | 850          |
|    ep_rew_mean            | -11.1        |
| time/                     |              |
|    fps                    | 1271         |
|    iterations             | 10           |
|    time_elapsed           | 515          |
|    total_timesteps        | 655360       |
| train/                    |              |
|    approx_kl              | 0.0015569048 |
|    clip_fraction          | 0.0468       |
|    clip_range             | 0.1          |
|    clip_range_vf          | 0.1          |
|    entropy_loss           | -2.77        |
|    explained_variance     | 0.52         |
|    learning_rate          | 0.0003       |
|    loss                   | 0.269        |
|    n_updates              | 18           |
|    policy_gradient_loss   | -0.00156     |
|    value_loss             | 0.615        |
| validation/               |              |
|    Avg Wait               | 2.51e+06     |
|    Carbon Emissions       | 2.27e+07     |
|    Validation Reward      | -3.16e+04    |
|    best_Validation Reward | -2.81e+04    |
--------------------------------------------
